1. Erstellen eines Shell-Scriptes zum Starten der Python-Devices

Wir nenen es "device-wrapper.sh".

Funktion:
--------

- exportieren der Shell-Variable "TANGO_HOST"
- testen und ggf. warten auf eine erfolgreiches Ping zum Tangohost
- AgilisAGP starten

Ausführbar machen:
$ chmod 777 device-wrapper.sh


2. Den Bootprozess anpassen damit das Device automatisch startet

- Erstellen einer "systemd"-Datei unter "/etc/systemd/system"

Wir nennen sie "tango_zaber.service" und sie hat diesen Inhalt:

****
[Unit]
Description=starting tango devices
Requires=network-online.target
After=network-online.target

[Service]
Type=forking
GuessMainPID=no
ExecStart=/home/pi/Tango_Devices/Zaber/device_wrapper.sh
WorkingDirectory=/home/pi/Tango_Devices/Zaber
User=pi
Restart=on-abort
StandardOutput=journal
StandardError=journal

[Install]
WantedBy=multi-user.target
****

$ sudo chmod +x  tango_zaber.service

Immer nach dem Aendern eines systemd-Files ausfuehren:
 
$ sudo systemctl daemon-reload 
$ sudo systemctl start tango_zaber.service

Und stoppen:

$ sudo systemctl stop tango_zaber.service


Jetzt bootfest machen:

$ sudo systemctl enable tango_zaber.service
Created symlink /etc/systemd/system/multi-user.target.wants/tango_zaber.service → /etc/systemd/system/tango_zaber.service.



